[wpocean.com/html/tf/parador/index.html]
[wpocean.com/html/tf/parador/assets/images/favicon.png]
[backblue.gif]
[fade.gif]
[index.html]
[wpocean.com/html/tf/parador/assets/css/themify-icons.css]
[wpocean.com/html/tf/parador/assets/css/font-awesome.min.css]
[wpocean.com/html/tf/parador/assets/css/flaticon.css]
[wpocean.com/html/tf/parador/assets/css/bootstrap.min.css]
[wpocean.com/html/tf/parador/assets/css/animate.css]
[wpocean.com/html/tf/parador/assets/css/owl.carousel.css]
[wpocean.com/html/tf/parador/assets/css/owl.theme.css]
[wpocean.com/html/tf/parador/assets/css/slick.css]
[wpocean.com/html/tf/parador/assets/css/slick-theme.css]
[wpocean.com/html/tf/parador/assets/css/swiper.min.css]
[wpocean.com/html/tf/parador/assets/css/owl.transitions.css]
[wpocean.com/html/tf/parador/assets/css/jquery.fancybox.css]
[wpocean.com/html/tf/parador/assets/css/odometer-theme-default.css]
[wpocean.com/html/tf/parador/assets/css/jquery-ui.css]
[wpocean.com/html/tf/parador/assets/sass/style.css]
[wpocean.com/html/tf/parador/assets/images/preloader.png]
[wpocean.com/html/tf/parador/assets/images/logo.png]
[wpocean.com/html/tf/parador/index-2.html]
[wpocean.com/html/tf/parador/index-3.html]
[wpocean.com/html/tf/parador/about.html]
[wpocean.com/html/tf/parador/room.html]
[wpocean.com/html/tf/parador/room-single.html]
[wpocean.com/html/tf/parador/destination.html]
[wpocean.com/html/tf/parador/destination-single.html]
[wpocean.com/html/tf/parador/blog.html]
[wpocean.com/html/tf/parador/blog-left-sidebar.html]
[wpocean.com/html/tf/parador/blog-fullwidth.html]
[wpocean.com/html/tf/parador/blog-single.html]
[wpocean.com/html/tf/parador/blog-single-left-sidebar.html]
[wpocean.com/html/tf/parador/blog-single-fullwidth.html]
[wpocean.com/html/tf/parador/service.html]
[wpocean.com/html/tf/parador/service-s2.html]
[wpocean.com/html/tf/parador/service-single.html]
[wpocean.com/html/tf/parador/pricing.html]
[wpocean.com/html/tf/parador/search.html]
[wpocean.com/html/tf/parador/faq.html]
[wpocean.com/html/tf/parador/404.html]
[wpocean.com/html/tf/parador/shop.html]
[wpocean.com/html/tf/parador/shop-single.html]
[wpocean.com/html/tf/parador/cart.html]
[wpocean.com/html/tf/parador/checkout.html]
[wpocean.com/html/tf/parador/contact.html]
[wpocean.com/html/tf/parador/assets/images/shop/mini-cart/img-1.jpg]
[wpocean.com/html/tf/parador/assets/images/shop/mini-cart/img-2.jpg]
[wpocean.com/html/tf/parador/assets/images/slider/slide-1.jpg]
[wpocean.com/html/tf/parador/assets/images/slider/slide-2.jpg]
[wpocean.com/html/tf/parador/assets/images/slider/slide-3.jpg]
[wpocean.com/html/tf/parador/assets/images/room/1.jpg]
[wpocean.com/html/tf/parador/assets/images/room/2.jpg]
[wpocean.com/html/tf/parador/assets/images/room/3.jpg]
[wpocean.com/html/tf/parador/assets/images/destination/1.jpg]
[wpocean.com/html/tf/parador/assets/images/destination/2.jpg]
[wpocean.com/html/tf/parador/assets/images/destination/3.jpg]
[wpocean.com/html/tf/parador/assets/images/service/img-1.jpg]
[wpocean.com/html/tf/parador/assets/images/service/img-2.jpg]
[wpocean.com/html/tf/parador/assets/images/service/img-3.jpg]
[wpocean.com/html/tf/parador/assets/images/service/img-4.jpg]
[wpocean.com/html/tf/parador/assets/images/service/img-5.jpg]
[wpocean.com/html/tf/parador/assets/images/service/img-6.jpg]
[wpocean.com/html/tf/parador/assets/images/service/img-7.jpg]
[wpocean.com/html/tf/parador/assets/images/pricing/1.jpg]
[wpocean.com/html/tf/parador/assets/images/pricing/2.jpg]
[wpocean.com/html/tf/parador/assets/images/pricing/3.jpg]
[wpocean.com/html/tf/parador/assets/images/testimonial/img-1.jpg]
[wpocean.com/html/tf/parador/assets/images/testimonial/img-2.jpg]
[wpocean.com/html/tf/parador/assets/images/testimonial/img-3.jpg]
[wpocean.com/html/tf/parador/assets/images/blog/img-1.jpg]
[wpocean.com/html/tf/parador/assets/images/blog/img-2.jpg]
[wpocean.com/html/tf/parador/assets/images/blog/img-3.jpg]
[wpocean.com/html/tf/parador/assets/images/nshape1.png]
[wpocean.com/html/tf/parador/assets/images/nshape2.png]
[wpocean.com/html/tf/parador/assets/js/jquery.min.js]
[wpocean.com/html/tf/parador/assets/js/bootstrap.bundle.min.js]
[wpocean.com/html/tf/parador/assets/js/modernizr.custom.js]
[wpocean.com/html/tf/parador/assets/js/jquery-plugin-collection.js]
[wpocean.com/html/tf/parador/index.html]
[wpocean.com/html/tf/parador/assets/js/script.js]
[wpocean.com/html/tf/parador/assets/fonts/themify9f24.eot]
[wpocean.com/html/tf/parador/assets/fonts/themifyd41d.eot]
[wpocean.com/html/tf/parador/assets/fonts/themify9f24.woff]
[wpocean.com/html/tf/parador/assets/fonts/themify9f24.ttf]
[wpocean.com/html/tf/parador/assets/css/themify-icons.css]
[wpocean.com/html/tf/parador/assets/fonts/themify9f24.svg]
[wpocean.com/html/tf/parador/assets/fonts/fontawesome-webfont5b62.eot]
[wpocean.com/html/tf/parador/assets/fonts/fontawesome-webfontd41d.eot]
[wpocean.com/html/tf/parador/assets/fonts/fontawesome-webfont5b62.woff2]
[wpocean.com/html/tf/parador/assets/fonts/fontawesome-webfont5b62.woff]
[wpocean.com/html/tf/parador/assets/fonts/fontawesome-webfont5b62.ttf]
[wpocean.com/html/tf/parador/assets/css/font-awesome.min.css]
[wpocean.com/html/tf/parador/assets/fonts/fontawesome-webfont5b62.svg]
[wpocean.com/html/tf/parador/assets/fonts/flaticon924a.ttf]
[wpocean.com/html/tf/parador/assets/fonts/flaticon924a.woff]
[wpocean.com/html/tf/parador/assets/fonts/flaticon924a.woff2]
[wpocean.com/html/tf/parador/assets/fonts/flaticon924a.eot]
[wpocean.com/html/tf/parador/assets/css/flaticon.css]
[wpocean.com/html/tf/parador/assets/css/bootstrap.min.css]
[wpocean.com/html/tf/parador/assets/css/animate.css]
[wpocean.com/html/tf/parador/assets/fonts/flaticon924a.svg]
[wpocean.com/html/tf/parador/assets/css/owl.video.play.png]
[wpocean.com/html/tf/parador/assets/css/owl.carousel.css]
[wpocean.com/html/tf/parador/assets/css/owl.theme.css]
[wpocean.com/html/tf/parador/assets/css/slick.css]
[wpocean.com/html/tf/parador/assets/images/ajax-loader.gif]
[wpocean.com/html/tf/parador/assets/fonts/slick.eot]
[wpocean.com/html/tf/parador/assets/fonts/slickd41d.eot]
[wpocean.com/html/tf/parador/assets/fonts/slick.woff]
[wpocean.com/html/tf/parador/assets/fonts/slick.ttf]
[wpocean.com/html/tf/parador/assets/css/slick-theme.css]
[wpocean.com/html/tf/parador/assets/css/swiper.min.css]
[wpocean.com/html/tf/parador/assets/css/owl.transitions.css]
[wpocean.com/html/tf/parador/assets/fonts/slick.svg]
[wpocean.com/html/tf/parador/assets/images/fancybox/fancybox_sprite.png]
[wpocean.com/html/tf/parador/assets/images/fancybox/fancybox_loading.gif]
[wpocean.com/html/tf/parador/assets/images/fancybox/blank.gif]
[wpocean.com/html/tf/parador/assets/images/fancybox/fancybox_overlay.png]
[wpocean.com/html/tf/parador/assets/images/fancybox/fancybox_sprite@2x.png]
[wpocean.com/html/tf/parador/assets/images/fancybox/fancybox_loading@2x.gif]
[wpocean.com/html/tf/parador/assets/css/jquery.fancybox.css]
[wpocean.com/html/tf/parador/assets/css/odometer-theme-default.css]
[wpocean.com/html/tf/parador/assets/images/ui-icons_444444_256x240.png]
[wpocean.com/html/tf/parador/assets/images/ui-icons_555555_256x240.png]
[wpocean.com/html/tf/parador/assets/images/ui-icons_ffffff_256x240.png]
[wpocean.com/html/tf/parador/assets/images/ui-icons_777620_256x240.png]
[wpocean.com/html/tf/parador/assets/images/ui-icons_cc0000_256x240.png]
[wpocean.com/html/tf/parador/assets/images/ui-icons_777777_256x240.png]
[wpocean.com/html/tf/parador/assets/css/jquery-ui.css]
[wpocean.com/html/tf/parador/assets/fonts/Muli.ttf]
[wpocean.com/html/tf/parador/assets/fonts/text-font/Muli-Regular.woff]
[wpocean.com/html/tf/parador/assets/fonts/text-font/Muli-SemiBold.woff]
[wpocean.com/html/tf/parador/assets/fonts/text-font/Muli-Bold.woff]
[wpocean.com/html/tf/parador/assets/images/select-icon.png]
[wpocean.com/html/tf/parador/assets/images/page-title.jpg]
[wpocean.com/html/tf/parador/assets/images/bg-2.jpg]
[wpocean.com/html/tf/parador/assets/images/Single-title-shape2.png]
[wpocean.com/html/tf/parador/assets/images/slider/1.jpg]
[wpocean.com/html/tf/parador/assets/images/slider/shape-1.png]
[wpocean.com/html/tf/parador/assets/images/funfact.jpg]
[wpocean.com/html/tf/parador/assets/images/about-bg.jpg]
[wpocean.com/html/tf/parador/assets/images/select-icon2.png]
[wpocean.com/html/tf/parador/assets/sass/style.css]
[wpocean.com/html/tf/parador/assets/images/logo2.png]
[wpocean.com/html/tf/parador/assets/images/about.jpg]
[wpocean.com/html/tf/parador/index-2.html]
[wpocean.com/html/tf/parador/assets/images/slider/slide-4.jpg]
[wpocean.com/html/tf/parador/assets/images/slider/sp2.png]
[wpocean.com/html/tf/parador/assets/images/slider/sp1.png]
[wpocean.com/html/tf/parador/assets/images/slider/sp3.png]
[wpocean.com/html/tf/parador/assets/images/slider/sp4.png]
[wpocean.com/html/tf/parador/assets/images/about2.jpg]
[wpocean.com/html/tf/parador/assets/images/destination/4.jpg]
[wpocean.com/html/tf/parador/assets/images/destination/5.jpg]
[wpocean.com/html/tf/parador/assets/images/room/4.jpg]
[wpocean.com/html/tf/parador/assets/images/room/5.jpg]
[wpocean.com/html/tf/parador/index-3.html]
[wpocean.com/html/tf/parador/about.html]
[wpocean.com/html/tf/parador/room.html]
[wpocean.com/html/tf/parador/assets/js/jquery.dlmenu.js]
[wpocean.com/html/tf/parador/assets/images/room/img-7.jpg]
[wpocean.com/html/tf/parador/assets/images/room/img-8.jpg]
[wpocean.com/html/tf/parador/assets/images/room/r1.jpg]
[wpocean.com/html/tf/parador/assets/images/room/r2.jpg]
[wpocean.com/html/tf/parador/assets/images/recent-posts/img-1.jpg]
[wpocean.com/html/tf/parador/assets/images/recent-posts/img-2.jpg]
[wpocean.com/html/tf/parador/assets/images/recent-posts/img-3.jpg]
[wpocean.com/html/tf/parador/assets/images/instragram/1.jpg]
[wpocean.com/html/tf/parador/assets/images/instragram/2.jpg]
[wpocean.com/html/tf/parador/assets/images/instragram/3.jpg]
[wpocean.com/html/tf/parador/assets/images/instragram/4.jpg]
[wpocean.com/html/tf/parador/assets/images/instragram/5.jpg]
[wpocean.com/html/tf/parador/assets/images/instragram/6.jpg]
[wpocean.com/html/tf/parador/room-single.html]
[wpocean.com/html/tf/parador/assets/images/destination/6.jpg]
[wpocean.com/html/tf/parador/assets/images/destination/7.jpg]
[wpocean.com/html/tf/parador/assets/images/destination/8.jpg]
[wpocean.com/html/tf/parador/destination.html]
[wpocean.com/html/tf/parador/assets/images/destination-single/1.jpg]
[wpocean.com/html/tf/parador/assets/images/destination-single/2.jpg]
[wpocean.com/html/tf/parador/assets/images/destination-single/3.jpg]
[wpocean.com/html/tf/parador/destination-single.html]
[wpocean.com/html/tf/parador/assets/images/blog/img-4.jpg]
[wpocean.com/html/tf/parador/assets/images/blog/img-7.jpg]
[wpocean.com/html/tf/parador/assets/images/blog/img-5.jpg]
[wpocean.com/html/tf/parador/assets/images/blog/img-6.jpg]
[wpocean.com/html/tf/parador/assets/images/blog/about-widget.jpg]
[wpocean.com/html/tf/parador/blog.html]
[wpocean.com/html/tf/parador/blog-left-sidebar.html]
[wpocean.com/html/tf/parador/blog-fullwidth.html]
[wpocean.com/html/tf/parador/assets/images/blog-details/author.jpg]
[wpocean.com/html/tf/parador/assets/images/blog-details/comments-author/img-1.jpg]
[wpocean.com/html/tf/parador/assets/images/blog-details/comments-author/img-2.jpg]
[wpocean.com/html/tf/parador/assets/images/blog-details/comments-author/img-3.jpg]
[wpocean.com/html/tf/parador/blog-single.html]
[wpocean.com/html/tf/parador/blog-single-left-sidebar.html]
[wpocean.com/html/tf/parador/blog-single-fullwidth.html]
[wpocean.com/html/tf/parador/service.html]
[wpocean.com/html/tf/parador/service-s2.html]
[wpocean.com/html/tf/parador/assets/images/service-single/img-1.jpg]
[wpocean.com/html/tf/parador/assets/images/service-single/img-2.jpg]
[wpocean.com/html/tf/parador/assets/images/service-single/img-3.jpg]
[wpocean.com/html/tf/parador/assets/images/service-single/img-5.jpg]
[wpocean.com/html/tf/parador/assets/images/service-single/img-4.jpg]
[wpocean.com/html/tf/parador/assets/images/service-single/img-6.jpg]
[wpocean.com/html/tf/parador/assets/images/service-single/img-7.jpg]
[wpocean.com/html/tf/parador/assets/images/service-single/img-9.jpg]
[wpocean.com/html/tf/parador/assets/images/service-single/img-8.jpg]
[wpocean.com/html/tf/parador/service-single.html]
[wpocean.com/html/tf/parador/pricing.html]
[wpocean.com/html/tf/parador/search.html]
[wpocean.com/html/tf/parador/faq.html]
[wpocean.com/html/tf/parador/hotel-cart.html]
[wpocean.com/html/tf/parador/assets/images/error-404.png]
[wpocean.com/html/tf/parador/404.html]
[wpocean.com/html/tf/parador/assets/images/shop/1.jpg]
[wpocean.com/html/tf/parador/assets/images/shop/2.jpg]
[wpocean.com/html/tf/parador/assets/images/shop/3.jpg]
[wpocean.com/html/tf/parador/assets/images/shop/4.jpg]
[wpocean.com/html/tf/parador/assets/images/shop/5.jpg]
[wpocean.com/html/tf/parador/assets/images/shop/6.jpg]
[wpocean.com/html/tf/parador/shop.html]
[wpocean.com/html/tf/parador/assets/images/shop/shop-single/1.jpg]
[wpocean.com/html/tf/parador/assets/images/shop/shop-single/2.jpg]
[wpocean.com/html/tf/parador/assets/images/shop/shop-single/5.jpg]
[wpocean.com/html/tf/parador/assets/images/shop/shop-single/4.jpg]
[wpocean.com/html/tf/parador/assets/images/shop/shop-single/6.jpg]
[wpocean.com/html/tf/parador/assets/images/shop/shop-single/3.jpg]
[wpocean.com/html/tf/parador/assets/images/shop/shop-single/thumb/img-1.jpg]
[wpocean.com/html/tf/parador/assets/images/shop/shop-single/thumb/img-2.jpg]
[wpocean.com/html/tf/parador/assets/images/shop/shop-single/thumb/img-3.jpg]
[wpocean.com/html/tf/parador/assets/images/shop/shop-single/thumb/img-4.jpg]
[wpocean.com/html/tf/parador/assets/images/shop/shop-single/thumb/img-6.jpg]
[wpocean.com/html/tf/parador/assets/images/shop/shop-single/review/img-1.jpg]
[wpocean.com/html/tf/parador/assets/images/shop/shop-single/review/img-2.jpg]
[wpocean.com/html/tf/parador/shop-single.html]
[wpocean.com/html/tf/parador/assets/images/cart/img-1.jpg]
[wpocean.com/html/tf/parador/assets/images/cart/img-2.jpg]
[wpocean.com/html/tf/parador/assets/images/cart/img-3.jpg]
[wpocean.com/html/tf/parador/assets/images/cart/img-4.jpg]
[wpocean.com/html/tf/parador/assets/images/cart/img-5.jpg]
[wpocean.com/html/tf/parador/cart.html]
[wpocean.com/html/tf/parador/assets/images/checkout/img-1.png]
[wpocean.com/html/tf/parador/assets/images/checkout/img-2.png]
[wpocean.com/html/tf/parador/assets/images/checkout/img-3.png]
[wpocean.com/html/tf/parador/assets/images/checkout/img-4.png]
[wpocean.com/html/tf/parador/checkout.html]
[wpocean.com/html/tf/parador/contact.html]
[wpocean.com/html/tf/parador/assets/fonts/themify9f24.svg]
[wpocean.com/html/tf/parador/assets/fonts/fontawesome-webfont5b62.svg]
[wpocean.com/html/tf/parador/assets/fonts/flaticon924a.svg]
[wpocean.com/html/tf/parador/assets/css/owl.video.play.html]
[wpocean.com/html/tf/parador/assets/fonts/slick.svg]
[wpocean.com/html/tf/parador/assets/images/ui-icons_ffffff_256x240.html]
[wpocean.com/html/tf/parador/assets/images/ui-icons_777620_256x240.html]
[wpocean.com/html/tf/parador/assets/images/ui-icons_cc0000_256x240.html]
[wpocean.com/html/tf/parador/assets/images/ui-icons_777777_256x240.html]
[wpocean.com/html/tf/parador/assets/images/Single-title-shape2.html]
[wpocean.com/html/tf/parador/hotel-cart.html]
